violation type: Horizontal congestion
	srcs: net:net7
	comment: capacity:0 usage:1 overflow:1
	bbox = (103.5000, 1228.2000) - (110.4000, 1235.1000) on Layer -
violation type: Horizontal congestion
	srcs: net:net7
	comment: capacity:0 usage:1 overflow:1
	bbox = (110.4000, 1228.2000) - (117.3000, 1235.1000) on Layer -
violation type: Horizontal congestion
	srcs: net:RV_TO_DAC\[9\]
	comment: capacity:0 usage:1 overflow:1
	bbox = (579.6000, 1214.4000) - (586.5000, 1221.3000) on Layer -
violation type: Horizontal congestion
	srcs: net:RV_TO_DAC\[8\]
	comment: capacity:0 usage:1 overflow:1
	bbox = (614.1000, 1186.8000) - (621.0000, 1193.7000) on Layer -
violation type: Vertical congestion
	srcs: net:net7
	comment: capacity:0 usage:1 overflow:1
	bbox = (117.3000, 1228.2000) - (124.2000, 1235.1000) on Layer -
violation type: Vertical congestion
	srcs: net:RV_TO_DAC\[9\]
	comment: capacity:0 usage:1 overflow:1
	bbox = (579.6000, 1214.4000) - (586.5000, 1221.3000) on Layer -
violation type: Vertical congestion
	srcs: net:RV_TO_DAC\[9\]
	comment: capacity:0 usage:1 overflow:1
	bbox = (579.6000, 1221.3000) - (586.5000, 1228.2000) on Layer -
violation type: Vertical congestion
	srcs: net:RV_TO_DAC\[9\]
	comment: capacity:0 usage:1 overflow:1
	bbox = (579.6000, 1228.2000) - (586.5000, 1235.1000) on Layer -
violation type: Vertical congestion
	srcs: net:RV_TO_DAC\[9\]
	comment: capacity:0 usage:1 overflow:1
	bbox = (579.6000, 1235.1000) - (586.5000, 1242.0000) on Layer -
violation type: Vertical congestion
	srcs: net:RV_TO_DAC\[9\]
	comment: capacity:0 usage:1 overflow:1
	bbox = (579.6000, 1242.0000) - (586.5000, 1248.9000) on Layer -
