violation type: Horizontal congestion
	srcs: net:RV_TO_DAC\[9\]
	comment: capacity:0 usage:1 overflow:1
	bbox = (586.5000, 1207.5000) - (593.4000, 1214.4000) on Layer -
violation type: Horizontal congestion
	srcs: net:RV_TO_DAC\[9\]
	comment: capacity:0 usage:1 overflow:1
	bbox = (593.4000, 1207.5000) - (600.3000, 1214.4000) on Layer -
violation type: Horizontal congestion
	srcs: net:RV_TO_DAC\[9\]
	comment: capacity:0 usage:1 overflow:1
	bbox = (600.3000, 1207.5000) - (607.2000, 1214.4000) on Layer -
violation type: Horizontal congestion
	srcs: net:RV_TO_DAC\[9\]
	comment: capacity:0 usage:1 overflow:1
	bbox = (607.2000, 1207.5000) - (614.1000, 1214.4000) on Layer -
violation type: Horizontal congestion
	srcs: net:RV_TO_DAC\[8\]
	comment: capacity:0 usage:1 overflow:1
	bbox = (614.1000, 1186.8000) - (621.0000, 1193.7000) on Layer -
violation type: Horizontal congestion
	srcs: net:RV_TO_DAC\[9\]
	comment: capacity:0 usage:1 overflow:1
	bbox = (614.1000, 1207.5000) - (621.0000, 1214.4000) on Layer -
violation type: Vertical congestion
	srcs: net:net7
	comment: capacity:0 usage:1 overflow:1
	bbox = (117.3000, 1235.1000) - (124.2000, 1242.0000) on Layer -
violation type: Vertical congestion
	srcs: net:net7
	comment: capacity:0 usage:1 overflow:1
	bbox = (117.3000, 1242.0000) - (124.2000, 1248.9000) on Layer -
